### пусто
=== ЧЕК ===
ИТОГО:  0.00
СДАЧА:  0.00

### одна позиция без скидки
=== ЧЕК ===
1) Кофе         x1  50.00
ИТОГО:  50.00
СДАЧА:  0.00

### длинное кириллическое имя
=== ЧЕК ===
1) Шокола       x2  60.00
ИТОГО:  60.00
СДАЧА:  40.00

### ровно на пороге скидки
=== ЧЕК ===
1) Чай          x1  100.00
СКИДКА: -5.00
ИТОГО:  95.00
СДАЧА:  5.00

### усечение скидки
=== ЧЕК ===
1) Набор        x1  199.99
СКИДКА: -9.99
ИТОГО:  190.00
СДАЧА:  10.00

### недоплата — отрицательная сдача
=== ЧЕК ===
1) Торт         x1  300.00
СКИДКА: -15.00
ИТОГО:  285.00
СДАЧА:  -275.00

